// Jest Snapshot v1, https://goo.gl/fbAQLP

exports[`Should render TicketDetailsModal correctly with props 1`] = `
<div>
  <Modal
    ariaHideApp={true}
    bodyOpenClassName="ReactModal__Body--open"
    closeTimeoutMS={200}
    contentElement={[Function]}
    contentLabel="Ticket#95 Details"
    isOpen={true}
    overlayElement={[Function]}
    parentSelector={[Function]}
    portalClassName="ReactModalPortal"
    preventScroll={false}
    role="dialog"
    shouldCloseOnEsc={true}
    shouldCloseOnOverlayClick={true}
    shouldFocusAfterRender={true}
    shouldReturnFocusAfterClose={true}
    style={
      Object {
        "content": Object {
          "border": ".5px dotted lightgray",
          "borderRadius": "10px",
          "bottom": "auto",
          "boxShadow": "0px 8px 15px rgba(207, 207, 207, 0.7)",
          "left": "50%",
          "marginRight": "-50%",
          "maxHeight": "600px",
          "maxWidth": "800px",
          "right": "auto",
          "top": "50%",
          "transform": "translate(-50%, -50%)",
          "zindex": 99,
        },
      }
    }
  >
    <div
      className="m-3"
    >
      <span
        className="cross"
        onClick={[Function]}
      >
        x
      </span>
      <h4>
        Ticket#
        95 ex cillum cillum proident commodo
      </h4>
      <div>
        <div
          className="d-flex flex-row"
        >
          <strong
            className="text-left"
          >
            Requester ID: 
            1267068077489
          </strong>
          <strong
            className="text-left ml-auto"
          >
            Assignee ID: 
            1267068077489
          </strong>
        </div>
        <div
          className="d-flex flex-row"
        >
          <span
            className="date text-left"
            style={
              Object {
                "paddingTop": "3px",
              }
            }
          >
             Nov 21 2021
          </span>
          <span
            className="status-pill text-left ml-auto open"
          >
             
            Open
          </span>
        </div>
        <br />
        <p>
          Culpa amet mollit esse tempor sit ullamco sit ex dolore nostrud consectetur. Amet ad aliquip aliqua aute quis sunt laborum excepteur occaecat. Enim cillum do reprehenderit cupidatat ex eu ea ipsum ullamco consequat dolore duis consectetur. Magna sit voluptate laboris nisi do.

Dolor voluptate anim consequat ad cillum excepteur nisi elit. Ea tempor ipsum sint fugiat dolor anim amet pariatur aliqua labore ipsum. Sunt cillum eu fugiat est cillum mollit ullamco dolor anim in cupidatat cupidatat. Commodo eiusmod est et dolore enim do Lorem sunt quis magna sunt excepteur. Aliqua esse velit nulla labore culpa reprehenderit magna cupidatat aliquip. Do aliquip elit adipisicing aute excepteur culpa. Ullamco elit enim duis ut Lorem proident qui cupidatat magna.
        </p>
      </div>
    </div>
  </Modal>
</div>
`;
